// Jest Snapshot v1, https://goo.gl/fbAQLP

exports[`should render the header with the shop name passed as a prop: My Shop 1`] = `
<h2>
  My Shop
</h2>
`;
